------------------------------------------------------------
TimeQuest Timing Analyzer Summary
------------------------------------------------------------

Type  : Slow 1100mV 85C Model Setup 'CLOCK_50'
Slack : -23.919
TNS   : -2387.608

Type  : Slow 1100mV 85C Model Setup 'vga:out|vga_clk_aux'
Slack : -4.966
TNS   : -141.022

Type  : Slow 1100mV 85C Model Hold 'CLOCK_50'
Slack : 0.338
TNS   : 0.000

Type  : Slow 1100mV 85C Model Hold 'vga:out|vga_clk_aux'
Slack : 0.673
TNS   : 0.000

Type  : Slow 1100mV 85C Model Minimum Pulse Width 'CLOCK_50'
Slack : -2.636
TNS   : -435.799

Type  : Slow 1100mV 85C Model Minimum Pulse Width 'vga:out|vga_clk_aux'
Slack : -0.394
TNS   : -17.909

Type  : Slow 1100mV 0C Model Setup 'CLOCK_50'
Slack : -24.995
TNS   : -2353.972

Type  : Slow 1100mV 0C Model Setup 'vga:out|vga_clk_aux'
Slack : -5.143
TNS   : -143.074

Type  : Slow 1100mV 0C Model Hold 'CLOCK_50'
Slack : 0.222
TNS   : 0.000

Type  : Slow 1100mV 0C Model Hold 'vga:out|vga_clk_aux'
Slack : 0.667
TNS   : 0.000

Type  : Slow 1100mV 0C Model Minimum Pulse Width 'CLOCK_50'
Slack : -2.636
TNS   : -448.512

Type  : Slow 1100mV 0C Model Minimum Pulse Width 'vga:out|vga_clk_aux'
Slack : -0.394
TNS   : -17.949

Type  : Fast 1100mV 85C Model Setup 'CLOCK_50'
Slack : -12.683
TNS   : -1282.717

Type  : Fast 1100mV 85C Model Setup 'vga:out|vga_clk_aux'
Slack : -2.343
TNS   : -69.138

Type  : Fast 1100mV 85C Model Hold 'CLOCK_50'
Slack : 0.166
TNS   : 0.000

Type  : Fast 1100mV 85C Model Hold 'vga:out|vga_clk_aux'
Slack : 0.344
TNS   : 0.000

Type  : Fast 1100mV 85C Model Minimum Pulse Width 'CLOCK_50'
Slack : -2.636
TNS   : -272.176

Type  : Fast 1100mV 85C Model Minimum Pulse Width 'vga:out|vga_clk_aux'
Slack : 0.075
TNS   : 0.000

Type  : Fast 1100mV 0C Model Setup 'CLOCK_50'
Slack : -12.053
TNS   : -1135.070

Type  : Fast 1100mV 0C Model Setup 'vga:out|vga_clk_aux'
Slack : -2.181
TNS   : -63.271

Type  : Fast 1100mV 0C Model Hold 'CLOCK_50'
Slack : -0.084
TNS   : -0.084

Type  : Fast 1100mV 0C Model Hold 'vga:out|vga_clk_aux'
Slack : 0.318
TNS   : 0.000

Type  : Fast 1100mV 0C Model Minimum Pulse Width 'CLOCK_50'
Slack : -2.636
TNS   : -271.101

Type  : Fast 1100mV 0C Model Minimum Pulse Width 'vga:out|vga_clk_aux'
Slack : 0.092
TNS   : 0.000

------------------------------------------------------------
